http://www.nantes.maville.com/actu/actudet_-Nantes-en-7e-position-_loc-932609_actu.Htm: java.net.SocketException: Unexpected end of file from server

